1787014162480 [4406] LB_START bingx-x01 epoch=1787014162410 bootGen=1
1787014162483 [4406] LB_ADMISSION_ACQUIRED bingx-x01 waitMs=0
1787014162483 [4406] LB_BEFORE_LOAD bingx-x01
1787014162484 [4406] LD_after_settings bingx-x01
1787014162640 [4406] LD_after_initconfig bingx-x01
1787014162724 [4406] PS_sym_start BTCUSDT
1787014162734 [4406] PS_sym_candles BTCUSDT 5400
1787014164687 [4406] PS_sym_before_calc BTCUSDT combinedCandles=5400
1787014165041 [4406] PS_sym_after_calc BTCUSDT ind=923253 strat=0
1787014165045 [4406] PS_sym_start SOLUSDT
1787014165053 [4406] PS_sym_candles SOLUSDT 5400
1787014165072 [4406] PS_sym_before_calc SOLUSDT combinedCandles=5400
1787014165411 [4406] PS_sym_after_calc SOLUSDT ind=1177794 strat=0
1787014165416 [4406] PS_sym_start BCHUSDT
1787014165424 [4406] PS_sym_candles BCHUSDT 5400
1787014165440 [4406] PS_sym_before_calc BCHUSDT combinedCandles=5400
1787014165784 [4406] PS_sym_after_calc BCHUSDT ind=1360884 strat=0
1787014165786 [4406] PS_sym_start XRPUSDT
1787014165794 [4406] PS_sym_candles XRPUSDT 5400
1787014165806 [4406] PS_sym_before_calc XRPUSDT combinedCandles=5400
1787014166187 [4406] PS_sym_after_calc XRPUSDT ind=1515363 strat=0
