[production-start] standalone on 0.0.0.0:3002 (dist=.next)
   ▲ Next.js 15.5.18
   - Local:        http://localhost:3002
   - Network:      http://0.0.0.0:3002

 ✓ Starting...
[v0] [Redis] Explicit ALLOW_PROD_INLINE_REDIS=1 is active; using InlineLocalRedis in production/preview. This is intended for single-process/local deployments and is not shared across multiple workers.
 ✓ Ready in 327ms
[v0] [Migrations] Current: v0, Target: v98
[v0] [Migrations] Running 98 pending migrations as a combined batch...
[v0] [Migrations] ✓ Successfully migrated v0 -> v98
[v0] [Migrations] 98 migrations executed
[v0] [Startup] Migration status — current=v98 target=v98 UP TO DATE (Already at latest version 98)
[v0] [Startup] ✓ Boot complete — migrations: UP TO DATE (v98/98); production coverage repair + orphan cleanup + stranded-position reconciliation scheduled
[v0] [ProductionReadiness] trade_engine:global missing status — allowing startup path to initialize runtime intent
[v0] [ProductionReadiness] trade_engine:global missing status — allowing startup path to initialize runtime intent
[v0] [Progression] bingx-x01: initializing @ 5% - Starting engine components
[v0] [Progression] bingx-x01: market_data @ 8% - Loading market data...
[v0] [getSymbols] bingx-x01: using durable operator symbols (4 symbols)
[v0] [Progression] bingx-x01: prehistoric_data @ 15% - Loading historical data (background)...
[v0] [ProductionReadiness] trade_engine:global missing status — allowing startup path to initialize runtime intent
[v0] [LivePositionStage] [sync-skip] conn=bingx-x01 live_trade=false; skipped private exchange sync, tracked=0, simProcessed=0, simClosed=0, statuses={}
[v0] [LivePositionStage] [sync-skip] conn=bingx-x02 live_trade=false; skipped private exchange sync, tracked=0, simProcessed=0, simClosed=0, statuses={}
[v0] [Redis] Explicit ALLOW_PROD_INLINE_REDIS=1 is active; using InlineLocalRedis in production/preview. This is intended for single-process/local deployments and is not shared across multiple workers.
[v0] [Heartbeat] Market data refreshed for 4 symbols
[v0] [LivePositionStage] [sync-skip] conn=bingx-x01 live_trade=false; skipped private exchange sync, tracked=0, simProcessed=0, simClosed=0, statuses={} [140 repetitive messages coalesced]
[v0] [LivePositionStage] [sync-skip] conn=bingx-x02 live_trade=false; skipped private exchange sync, tracked=0, simProcessed=0, simClosed=0, statuses={} [2 repetitive messages coalesced]
[v0] [getSymbols] bingx-x01: using durable operator symbols (4 symbols) [1 repetitive messages coalesced]
[v0] [LivePositionStage] [sync-skip] conn=bingx-x01 live_trade=false; skipped private exchange sync, tracked=0, simProcessed=0, simClosed=0, statuses={} [148 repetitive messages coalesced]
[v0] [LivePositionStage] [sync-skip] conn=bingx-x02 live_trade=false; skipped private exchange sync, tracked=0, simProcessed=0, simClosed=0, statuses={} [1 repetitive messages coalesced]
[v0] [Heartbeat] Market data refreshed for 4 symbols [1 repetitive messages coalesced]
[v0] [LivePositionStage] [sync-skip] conn=bingx-x01 live_trade=false; skipped private exchange sync, tracked=0, simProcessed=0, simClosed=0, statuses={} [148 repetitive messages coalesced]
